  PASS
  PASS
  PASS
  PASS
  PASS
  PASS
  PASS
  PASS
  PASS
  PASS
  PASS
  PASS
  PASS
  PASS
  PASS
  PASS
  PASS
  PASS
  PASS
  PASS
  PASS
  PASS
  PASS
  PASS
  PASS
  PASS
  PASS
  PASS
  PASS
  PASS
  PASS
  PASS
  PASS
  PASS
  PASS
  PASS
  PASS
  PASS
  PASS
  PASS
  PASS
  PASS
  PASS
  PASS
  PASS
  PASS
  PASS
47 passed / 0 failed
