  PASS
  PASS
  PASS
  PASS
  PASS
  PASS
  PASS
  PASS
  PASS
  PASS
  PASS
  PASS
  PASS
  PASS
  PASS
  PASS
  PASS
  PASS
  PASS
  PASS
  PASS
  PASS
  PASS
  PASS
  PASS
  PASS
  PASS
  PASS
  PASS
  PASS
  PASS
  PASS
  PASS
  PASS
  PASS
  PASS
  PASS
  PASS
  PASS
  PASS
  PASS
41 passed / 0 failed
